---
source: crates/kaban-parser/tests/expressions.rs
expression: "format! (\"input: {}\\n\\n{:#?}\", input, ast.to_debugger())"
---
input: if (x == 10) foo(); x + 10;

Block [
    IfExpression {
        condition: Equal {
            left: Identifier("x"),
            right: IntLit("10"),
        },
        then: FuncCall {
            callee: Identifier("foo"),
            args: [],
        },
    },
    Add {
        left: Identifier("x"),
        right: IntLit("10"),
    },
]
