---
source: crates/kaban-parser/tests/expressions.rs
expression: print
---
input: x:foo(x, y,); x.bazz();

Block [
    MethodCall {
        callee: Identifier("x"),
        method name: Identifier("foo"),
        is mutable: true,
        args: [
            Identifier("x"),
            Identifier("y"),
        ],
    },
    MethodCall {
        callee: Identifier("x"),
        method name: Identifier("bazz"),
        is mutable: false,
        args: [],
    },
]
