---
source: crates/kaban-parser/tests/statements.rs
expression: "format! (\"input: {}\\n\\n{:#?}\", input, ast.to_debugger())"
---
input: let y: i32 = 10 + 5;

Block [
    Let {
        name: Identifier("y"),
        mutable: false,
        type: Type(I32),
        assignment: Add {
            left: IntLit("10"),
            right: IntLit("5"),
        },
    },
]
